// Jest Snapshot v1, https://goo.gl/fbAQLP

exports[`VNumeric.js renders 1`] = `
<div class="v-menu">
  <div class="v-input v-input--is-label-active v-input--is-dirty theme--light v-text-field">
    <div class="v-input__control">
      <div class="v-input__slot">
        <div class="v-text-field__slot"><input id="input-4" type="text" style="text-align: right;"></div>
        <div class="v-input__append-inner">
          <div class="v-input__icon v-input__icon--append"><button type="button" aria-label="append icon" class="v-icon notranslate v-icon--link mdi mdi-calculator theme--light"></button></div>
        </div>
      </div>
      <div class="v-text-field__details">
        <div class="v-messages theme--light">
          <div class="v-messages__wrapper"></div>
        </div>
      </div>
    </div>
  </div>
  <!---->
</div>
`;
